
[1m[46m RUN [49m[22m [36mv4.0.7 [39m[90mC:/Users/abhir/Documents/GitHub/AI-Resume-Analyzer[39m

node.exe : [90mstderr[2m | 
src/components/AnalysisResults.test.tsx[2m > 
[22m[2mAnalysisResults[2m > [22m[2mPerfect resume 
state[2m > [22m[2mshould display perfect resume 
message when isPerfect is true
At line:1 char:1
+ & "C:\Program Files\nodejs/node.exe" "C:\Program 
Files\nodejs/node_mo ...
+ ~~~~~~~~~~~~~~~~~~~~~~~~~~~~~~~~~~~~~~~~~~~~~~~~~~~~~
~~~~~~~~~~~~~~~~
    + CategoryInfo          : NotSpecified: ([90mstde 
   rr[2m...Perfect is true:String) [], RemoteExcepti  
  on
    + FullyQualifiedErrorId : NativeCommandError
 
[22m[39mWarning: React does not recognize the 
`whileHover` prop on a DOM element. If you 
intentionally want it to appear in the DOM as a custom 
attribute, spell it as lowercase `whilehover` instead. 
If you accidentally passed it from a parent component, 
remove it from the DOM element.
    at div
    at div (C:/Users/abhir/Documents/GitHub/AI-Resume-A
nalyzer/src/components/AnalysisResults.test.tsx:4:13)
    at div
    at div
    at AnalysisResults (C:/Users/abhir/Documents/GitHub
/AI-Resume-Analyzer/src/components/AnalysisResults.tsx:
27:3)
Warning: React does not recognize the `whileTap` prop 
on a DOM element. If you intentionally want it to 
appear in the DOM as a custom attribute, spell it as 
lowercase `whiletap` instead. If you accidentally 
passed it from a parent component, remove it from the 
DOM element.
    at div
    at div (C:/Users/abhir/Documents/GitHub/AI-Resume-A
nalyzer/src/components/AnalysisResults.test.tsx:4:13)
    at div
    at div
    at AnalysisResults (C:/Users/abhir/Documents/GitHub
/AI-Resume-Analyzer/src/components/AnalysisResults.tsx:
27:3)

[90mstderr[2m | 
src/components/AnalysisResults.test.tsx[2m > 
[22m[2mAnalysisResults[2m > [22m[2mAnalysis 
results display[2m > [22m[2mshould display analysis 
summary and score
[22m[39mWarning: Received `true` for a non-boolean 
attribute `layout`.

If you want to write it to the DOM, pass a string 
instead: layout="true" or layout={value.toString()}.
    at div
    at div (C:/Users/abhir/Documents/GitHub/AI-Resume-A
nalyzer/src/components/AnalysisResults.test.tsx:4:13)
    at div
    at AnalysisResults (C:/Users/abhir/Documents/GitHub
/AI-Resume-Analyzer/src/components/AnalysisResults.tsx:
27:3)

 [31mΓ¥»[39m src/components/AnalysisResults.test.tsx [2m([22m[2m10 tests[22m[2m | [22m[31m4 failed[39m[2m)[22m[33m 387[2mms[22m[39m
       [32mΓ£ô[39m should display loading skeleton when isLoading is true[32m 19[2mms[22m[39m
       [32mΓ£ô[39m should display error message when error is present[32m 9[2mms[22m[39m
       [32mΓ£ô[39m should show retry button when error is retryable[32m 120[2mms[22m[39m
       [32mΓ£ô[39m should display perfect resume message when isPerfect is true[32m 8[2mms[22m[39m
       [32mΓ£ô[39m should display analysis summary and score[32m 13[2mms[22m[39m
[31m       [31m├ù[31m should display all sections initially (All filter)[39m[32m 19[2mms[22m[39m
       [32mΓ£ô[39m should display keywords analysis[32m 16[2mms[22m[39m
[31m       [31m├ù[31m should filter to show only strengths[39m[32m 72[2mms[22m[39m
[31m       [31m├ù[31m should filter to show only redundant items[39m[32m 61[2mms[22m[39m
[31m       [31m├ù[31m should filter to show only formatting[39m[32m 50[2mms[22m[39m

[31mΓÄ»ΓÄ»ΓÄ»ΓÄ»ΓÄ»ΓÄ»ΓÄ»[39m[1m[41m Failed Tests 
4 [49m[22m[31mΓÄ»ΓÄ»ΓÄ»ΓÄ»ΓÄ»ΓÄ»ΓÄ»[39m

[41m[1m FAIL [22m[49m 
src/components/AnalysisResults.test.tsx[2m > 
[22mAnalysisResults[2m > [22mAnalysis results 
display[2m > [22mshould display all sections 
initially (All filter)
[31m[1mTestingLibraryElementError[22m[39m: Found 
multiple elements with the text: Strengths

Here are the matching elements:

Ignored nodes: comments, script, style
[36m<button[39m
  [33maria-label[39m=[32m"Filter by Strengths - 2 
items"[39m
  [33maria-pressed[39m=[32m"false"[39m
  [33mclass[39m=[32m"
                px-3 sm:px-4 py-1.5 sm:py-2 rounded-lg 
text-xs sm:text-sm font-medium transition-all 
duration-300
                touch-manipulation min-h-[44px] 
sm:min-h-0 border
                focus:outline-none 
focus-visible:ring-2 focus-visible:ring-primary 
focus-visible:ring-offset-2 
focus-visible:ring-offset-background
                bg-card text-foreground border-border 
hover:bg-muted/50
              "[39m
  [33mwhilehover[39m=[32m"[object Object]"[39m
  [33mwhiletap[39m=[32m"[object Object]"[39m
[36m>[39m
  [0mStrengths[0m
  [36m<span[39m
    [33maria-hidden[39m=[32m"true"[39m
    [33mclass[39m=[32m"ml-1 sm:ml-2 text-xs 
opacity-70"[39m
  [36m>[39m
    [0m([0m
    [0m2[0m
    [0m)[0m
  [36m</span>[39m
[36m</button>[39m

Ignored nodes: comments, script, style
[36m<h3[39m
  [33mclass[39m=[32m"text-xl font-bold 
text-foreground"[39m
[36m>[39m
  [0mStrengths[0m
[36m</h3>[39m

(If this is intentional, then use the `*AllBy*` 
variant of the query (like `queryAllByText`, 
`getAllByText`, or `findAllByText`)).

Ignored nodes: comments, script, style
[36m<body>[39m
  [36m<div>[39m
    [36m<div[39m
      [33mclass[39m=[32m"max-w-6xl mx-auto 
space-y-8 sm:space-y-10"[39m
    [36m>[39m
      [36m<div[39m
        [33mclass[39m=[32m"grid grid-cols-1 
md:grid-cols-3 gap-6 items-center"[39m
      [36m>[39m
        [36m<div>[39m
          [36m<div[39m
            
[33mdata-testid[39m=[32m"score-gauge"[39m
          [36m>[39m
            [0mATS Score[0m
            [0m: [0m
            [0m85[0m
          [36m</div>[39m
        [36m</div>[39m
        [36m<div>[39m
          [36m<div[39m
            [33mclass[39m=[32m"bg-card 
backdrop-blur-md rounded-2xl p-6 sm:p-8 border 
border-border h-full flex flex-col justify-center 
shadow-lg hover:shadow-xl transition-shadow 
duration-300"[39m
          [36m>[39m
            [36m<h2[39m
              [33mclass[39m=[32m"text-2xl font-bold 
bg-clip-text text-transparent bg-gradient-to-r 
from-foreground to-muted-foreground mb-4"[39m
            [36m>[39m
              [0mAnalysis Summary[0m
            [36m</h2>[39m
            [36m<p[39m
              
[33mclass[39m=[32m"text-muted-foreground text-lg 
leading-relaxed"[39m
            [36m>[39m
              [0mGood resume with room for 
improvement[0m
            [36m</p>[39m
          [36m</div>[39m
        [36m</div>[39m
      [36m</div>[39m
      [36m<div>[39m
        [36m<div[39m
          [33mclass[39m=[32m"flex flex-col 
items-center justify-center mb-6 sm:mb-8 px-2 sm:px-0 
space-y-4"[39m
        [36m>[39m
          [36m<button[39m
            [33mclass[39m=[32m"w-full sm:w-auto 
px-8 py-4 text-base shadow-lg shadow-primary/20 
hover:shadow-primary/40"[39m
            [33mvariant[39m=[32m"primary"[39m
          [36m>[39m
            [36m<svg[39m
              [33mclass[39m=[32m"lucide 
lucide-message-square w-5 h-5 mr-2"[39m
              [33mfill[39m=[32m"none"[39m
              [33mheight[39m=[32m"24"[39m
              [33mstroke[39m=[32m"currentColor"[39m
              
[33mstroke-linecap[39m=[32m"round"[39m
              
[33mstroke-linejoin[39m=[32m"round"[39m
              [33mstroke-width[39m=[32m"2"[39m
              [33mviewBox[39m=[32m"0 0 24 24"[39m
              [33mwidth[39m=[32m"24"[39m
              
[33mxmlns[39m=[32m"http://www.w3.org/2000/svg"[39m
            [36m>[39m
              [36m<path[39m
                [33md[39m=[32m"M21 15a2 2 0 0 1-2 
2H7l-4 4V5a2 2 0 0 1 2-2h14a2 2 0 0 1 2 2z"[39m
              [36m/>[39m
            [36m</svg>[39m
            [0mGenerate Interview Questions[0m
          [36m</button>[39m
        [36m</div>[39m
      [36m</div>[39m
      [36m<div>[39m
        [36m<div[39m
          [33mclass[39m=[32m"bg-card 
backdrop-blur-md rounded-2xl p-6 border border-border 
shadow-md"[39m
        [36m>[39m
          [36m<div[39m
            [33mclass[39m=[32m"flex items-center 
gap-3 mb-6"[39m
          [36m>[39m
            [36m<div[39m
              [33mclass[39m=[32m"p-3 rounded-lg 
bg-pink-500/10"[39m
            [36m>[39m
              [36m<svg[39m
                [33mclass[39m=[32m"lucide 
lucide-key w-6 h-6 text-pink-500"[39m
                [33mfill[39m=[32m"none"[39m
                [33mheight[39m=[32m"24"[39m
                
[33mstroke[39m=[32m"currentColor"[39m
                
[33mstroke-linecap[39m=[32m"round"[39m
                
[33mstroke-linejoin[39m=[32m"round"[39m
                [33mstroke-width[39m=[32m"2"[39m
                [33mviewBox[39m=[32m"0 0 24 24"[39m
                [33mwidth[39m=[32m"24"[39m
                
[33mxmlns[39m=[32m"http://www.w3.org/2000/svg"[39m
              [36m>[39m
                [36m<circle[39m
                  [33mcx[39m=[32m"7.5"[39m
                  [33mcy[39m=[32m"15.5"[39m
                  [33mr[39m=[32m"5.5"[39m
                [36m/>[39m
                [36m<path[39m
                  [33md[39m=[32m"m21 2-9.6 9.6"[39m
                [36m/>[39m
                [36m<path[39m
                  [33md[39m=[32m"m15.5 7.5 3 3L22 
7l-3-3"[39m
                [36m/>[39m
              [36m</svg>[39m
            [36m</div>[39m
            [36m<div>[39m
              [36m<h3[39m
                [33mclass[39m=[32m"text-xl 
font-bold text-foreground"[39m
              [36m>[39m
                [0mKeyword Optimization[0m
              [36m</h3>[39m
              [36m<p[39m
                [33mclass[39m=[32m"text-sm 
text-muted-foreground"[39m
              [36m>[39m
                [0mMatch rate with industry 
standards: [0m
                [36m<span[39m
                  [33mclass[39m=[32m"font-bold 
text-foreground"[39m
                [36m>[39m
                  [0m90[0m
                  [0m%[0m
                [36m</span>[39m
              [36m</p>[39m
            [36m</div>[39m
          [36m</div>[39m
          [36m<div[39m
            [33mclass[39m=[32m"grid grid-cols-1 
md:grid-cols-2 gap-6"[39m
          [36m>[39m
            [36m<div>[39m
              [36m<h4[39m
                [33mclass[39m=[32m"text-sm 
font-semibold text-green-500 mb-3 uppercase 
tracking-wider"[39m
              [36m>[39m
                [0mPresent Keywords[0m
              [36m</h4>[39m
              [36m<div[39m
                [33mclass[39m=[32m"flex flex-wrap 
gap-2"[39m
              [36m>[39m
                [36m<span[39m
                  [33mclass[39m=[32m"px-3 py-1 
rounded-full bg-green-500/10 text-green-600 
dark:text-green-400 text-sm font-medium border 
border-green-500/20"[39m
                [36m>[39m
                  [0mReact[0m
                [36m</span>[39m
                [36m<span[39m
                  [33mclass[39m=[32m"px-3 py-1 
rounded-full bg-green-500/10 text-green-600 
dark:text-green-400 text-sm font-medium border 
border-green-500/20"[39m
                [36m>[39m
                  [0mTypeScript[0m
                [36m</span>[39m
              [36m</div>[39m
            [36m</div>[39m
            [36m<div>[39m
              [36m<h4[39m
                [33mclass[39m=[32m"text-sm 
font-semibold text-red-500 mb-3 uppercase 
tracking-wider"[39m
              [36m>[39m
                [0mMissing Keywords[0m
              [36m</h4>[39m
              [36m<div[39m
                [33mclass[39m=[32m"flex flex-wrap 
gap-2"[39m
              [36m>[39m
                [36m<span[39m
                  [33mclass[39m=[32m"px-3 py-1 
rounded-full bg-red-500/10 text-red-600 
dark:text-red-400 text-sm font-medium border 
border-red-500/20"[39m
                [36m>[39m
                  [0mDocker[0m
                [36m</span>[39m
              [36m</div>[39m
            [36m</div>[39m
          [36m</div>[39m
        [36m</div>[39m
      [36m</div>[39m
      [36m<div>[39m
        [36m<...
[90m [2mΓ¥»[22m Object.getElementError node_modules/
@testing-library/dom/dist/config.js:[2m37:19[22m[39m
[90m [2mΓ¥»[22m getElementError node_modules/@testin
g-library/dom/dist/query-helpers.js:[2m20:35[22m[39m
[90m [2mΓ¥»[22m getMultipleElementsFoundError node_m
odules/@testing-library/dom/dist/query-helpers.js:[2m2
3:10[22m[39m
[90m [2mΓ¥»[22m node_modules/@testing-library/dom/di
st/query-helpers.js:[2m55:13[22m[39m
[90m [2mΓ¥»[22m node_modules/@testing-library/dom/di
st/query-helpers.js:[2m95:19[22m[39m
[36m [2mΓ¥»[22m src/components/AnalysisResults.test.
tsx:[2m201:21[22m[39m
    [90m199| [39m      
expect(screen.getByText('Suggestions for 
Improvement')).toBeInThΓÇª
    [90m200| [39m      
expect(screen.getByText('Redundant 
Content')).toBeInTheDocument(ΓÇª
    [90m201| [39m      [34mexpect[39m(screen[33m.
[39m[34mgetByText[39m([32m'Strengths'[39m))[33m.[
39m[34mtoBeInTheDocument[39m()[33m;[39m
    [90m   | [39m                    [31m^[39m
    [90m202| [39m      
expect(screen.getByText('Formatting 
Feedback')).toBeInTheDocumenΓÇª
    [90m203| [39m    })[33m;[39m

[31m[2mΓÄ»ΓÄ»ΓÄ»ΓÄ»ΓÄ»ΓÄ»ΓÄ»ΓÄ»ΓÄ»ΓÄ»ΓÄ»ΓÄ»ΓÄ»ΓÄ»ΓÄ»Γ
Ä»ΓÄ»ΓÄ»ΓÄ»ΓÄ»ΓÄ»ΓÄ»ΓÄ»ΓÄ»[1/4]ΓÄ»[22m[39m

[41m[1m FAIL [22m[49m 
src/components/AnalysisResults.test.tsx[2m > 
[22mAnalysisResults[2m > [22mCategory filtering[2m 
> [22mshould filter to show only strengths
[31m[1mTestingLibraryElementError[22m[39m: Found 
multiple elements with the text: Strengths

Here are the matching elements:

Ignored nodes: comments, script, style
[36m<button[39m
  [33maria-label[39m=[32m"Filter by Strengths - 2 
items"[39m
  [33maria-pressed[39m=[32m"true"[39m
  [33mclass[39m=[32m"
                px-3 sm:px-4 py-1.5 sm:py-2 rounded-lg 
text-xs sm:text-sm font-medium transition-all 
duration-300
                touch-manipulation min-h-[44px] 
sm:min-h-0 border
                focus:outline-none 
focus-visible:ring-2 focus-visible:ring-primary 
focus-visible:ring-offset-2 
focus-visible:ring-offset-background
                bg-primary text-primary-foreground 
border-primary 
shadow-[0_0_15px_hsl(var(--primary)/0.4)]
              "[39m
  [33mwhilehover[39m=[32m"[object Object]"[39m
  [33mwhiletap[39m=[32m"[object Object]"[39m
[36m>[39m
  [0mStrengths[0m
  [36m<span[39m
    [33maria-hidden[39m=[32m"true"[39m
    [33mclass[39m=[32m"ml-1 sm:ml-2 text-xs 
opacity-70"[39m
  [36m>[39m
    [0m([0m
    [0m2[0m
    [0m)[0m
  [36m</span>[39m
[36m</button>[39m

Ignored nodes: comments, script, style
[36m<h3[39m
  [33mclass[39m=[32m"text-xl font-bold 
text-foreground"[39m
[36m>[39m
  [0mStrengths[0m
[36m</h3>[39m

(If this is intentional, then use the `*AllBy*` 
variant of the query (like `queryAllByText`, 
`getAllByText`, or `findAllByText`)).

Ignored nodes: comments, script, style
[36m<body>[39m
  [36m<div>[39m
    [36m<div[39m
      [33mclass[39m=[32m"max-w-6xl mx-auto 
space-y-8 sm:space-y-10"[39m
    [36m>[39m
      [36m<div[39m
        [33mclass[39m=[32m"grid grid-cols-1 
md:grid-cols-3 gap-6 items-center"[39m
      [36m>[39m
        [36m<div>[39m
          [36m<div[39m
            
[33mdata-testid[39m=[32m"score-gauge"[39m
          [36m>[39m
            [0mATS Score[0m
            [0m: [0m
            [0m85[0m
          [36m</div>[39m
        [36m</div>[39m
        [36m<div>[39m
          [36m<div[39m
            [33mclass[39m=[32m"bg-card 
backdrop-blur-md rounded-2xl p-6 sm:p-8 border 
border-border h-full flex flex-col justify-center 
shadow-lg hover:shadow-xl transition-shadow 
duration-300"[39m
          [36m>[39m
            [36m<h2[39m
              [33mclass[39m=[32m"text-2xl font-bold 
bg-clip-text text-transparent bg-gradient-to-r 
from-foreground to-muted-foreground mb-4"[39m
            [36m>[39m
              [0mAnalysis Summary[0m
            [36m</h2>[39m
            [36m<p[39m
              
[33mclass[39m=[32m"text-muted-foreground text-lg 
leading-relaxed"[39m
            [36m>[39m
              [0mGood resume with room for 
improvement[0m
            [36m</p>[39m
          [36m</div>[39m
        [36m</div>[39m
      [36m</div>[39m
      [36m<div>[39m
        [36m<div[39m
          [33mclass[39m=[32m"flex flex-col 
items-center justify-center mb-6 sm:mb-8 px-2 sm:px-0 
space-y-4"[39m
        [36m>[39m
          [36m<button[39m
            [33mclass[39m=[32m"w-full sm:w-auto 
px-8 py-4 text-base shadow-lg shadow-primary/20 
hover:shadow-primary/40"[39m
            [33mvariant[39m=[32m"primary"[39m
          [36m>[39m
            [36m<svg[39m
              [33mclass[39m=[32m"lucide 
lucide-message-square w-5 h-5 mr-2"[39m
              [33mfill[39m=[32m"none"[39m
              [33mheight[39m=[32m"24"[39m
              [33mstroke[39m=[32m"currentColor"[39m
              
[33mstroke-linecap[39m=[32m"round"[39m
              
[33mstroke-linejoin[39m=[32m"round"[39m
              [33mstroke-width[39m=[32m"2"[39m
              [33mviewBox[39m=[32m"0 0 24 24"[39m
              [33mwidth[39m=[32m"24"[39m
              
[33mxmlns[39m=[32m"http://www.w3.org/2000/svg"[39m
            [36m>[39m
              [36m<path[39m
                [33md[39m=[32m"M21 15a2 2 0 0 1-2 
2H7l-4 4V5a2 2 0 0 1 2-2h14a2 2 0 0 1 2 2z"[39m
              [36m/>[39m
            [36m</svg>[39m
            [0mGenerate Interview Questions[0m
          [36m</button>[39m
        [36m</div>[39m
      [36m</div>[39m
      [36m<div>[39m
        [36m<div[39m
          [33mclass[39m=[32m"bg-card 
backdrop-blur-md rounded-2xl p-6 border border-border 
shadow-md"[39m
        [36m>[39m
          [36m<div[39m
            [33mclass[39m=[32m"flex items-center 
gap-3 mb-6"[39m
          [36m>[39m
            [36m<div[39m
              [33mclass[39m=[32m"p-3 rounded-lg 
bg-pink-500/10"[39m
            [36m>[39m
              [36m<svg[39m
                [33mclass[39m=[32m"lucide 
lucide-key w-6 h-6 text-pink-500"[39m
                [33mfill[39m=[32m"none"[39m
                [33mheight[39m=[32m"24"[39m
                
[33mstroke[39m=[32m"currentColor"[39m
                
[33mstroke-linecap[39m=[32m"round"[39m
                
[33mstroke-linejoin[39m=[32m"round"[39m
                [33mstroke-width[39m=[32m"2"[39m
                [33mviewBox[39m=[32m"0 0 24 24"[39m
                [33mwidth[39m=[32m"24"[39m
                
[33mxmlns[39m=[32m"http://www.w3.org/2000/svg"[39m
              [36m>[39m
                [36m<circle[39m
                  [33mcx[39m=[32m"7.5"[39m
                  [33mcy[39m=[32m"15.5"[39m
                  [33mr[39m=[32m"5.5"[39m
                [36m/>[39m
                [36m<path[39m
                  [33md[39m=[32m"m21 2-9.6 9.6"[39m
                [36m/>[39m
                [36m<path[39m
                  [33md[39m=[32m"m15.5 7.5 3 3L22 
7l-3-3"[39m
                [36m/>[39m
              [36m</svg>[39m
            [36m</div>[39m
            [36m<div>[39m
              [36m<h3[39m
                [33mclass[39m=[32m"text-xl 
font-bold text-foreground"[39m
              [36m>[39m
                [0mKeyword Optimization[0m
              [36m</h3>[39m
              [36m<p[39m
                [33mclass[39m=[32m"text-sm 
text-muted-foreground"[39m
              [36m>[39m
                [0mMatch rate with industry 
standards: [0m
                [36m<span[39m
                  [33mclass[39m=[32m"font-bold 
text-foreground"[39m
                [36m>[39m
                  [0m90[0m
                  [0m%[0m
                [36m</span>[39m
              [36m</p>[39m
            [36m</div>[39m
          [36m</div>[39m
          [36m<div[39m
            [33mclass[39m=[32m"grid grid-cols-1 
md:grid-cols-2 gap-6"[39m
          [36m>[39m
            [36m<div>[39m
              [36m<h4[39m
                [33mclass[39m=[32m"text-sm 
font-semibold text-green-500 mb-3 uppercase 
tracking-wider"[39m
              [36m>[39m
                [0mPresent Keywords[0m
              [36m</h4>[39m
              [36m<div[39m
                [33mclass[39m=[32m"flex flex-wrap 
gap-2"[39m
              [36m>[39m
                [36m<span[39m
                  [33mclass[39m=[32m"px-3 py-1 
rounded-full bg-green-500/10 text-green-600 
dark:text-green-400 text-sm font-medium border 
border-green-500/20"[39m
                [36m>[39m
                  [0mReact[0m
                [36m</span>[39m
                [36m<span[39m
                  [33mclass[39m=[32m"px-3 py-1 
rounded-full bg-green-500/10 text-green-600 
dark:text-green-400 text-sm font-medium border 
border-green-500/20"[39m
                [36m>[39m
                  [0mTypeScript[0m
                [36m</span>[39m
              [36m</div>[39m
            [36m</div>[39m
            [36m<div>[39m
              [36m<h4[39m
                [33mclass[39m=[32m"text-sm 
font-semibold text-red-500 mb-3 uppercase 
tracking-wider"[39m
              [36m>[39m
                [0mMissing Keywords[0m
              [36m</h4>[39m
              [36m<div[39m
                [33mclass[39m=[32m"flex flex-wrap 
gap-2"[39m
              [36m>[39m
                [36m<span[39m

[2m Test Files [22m [1m[31m1 failed[39m[22m[90m (1)[39m
[2m      Tests [22m [1m[31m4 failed[39m[22m[2m | [22m[1m[32m6 passed[39m[22m[90m (10)[39m
                  [33mclass[39m=[32m"px-3 py-1 
rounded-full bg-red-500/10 text-red-600 
dark:text-red-400 text-sm font-medium border 
border-red-500/20"[39m
                [36m>[39m
                  [0mDocker[0m
                [36m</span>[39m
              [36m</div>[39m
            [36m</div>[39m
          [36m</div>[39m
        [36m</div>[39m
      [36m</div>[39m
      [36m<div>[39m
        [36m<...
[90m [2mΓ¥»[22m Object.getElementError node_modules/
@testing-library/dom/dist/config.js:[2m37:19[22m[39m
[90m [2mΓ¥»[22m getElementError node_modules/@testin
g-library/dom/dist/query-helpers.js:[2m20:35[22m[39m
[90m [2mΓ¥»[22m getMultipleElementsFoundError node_m
odules/@testing-library/dom/dist/query-helpers.js:[2m2
3:10[22m[39m
[90m [2mΓ¥»[22m node_modules/@testing-library/dom/di
st/query-helpers.js:[2m55:13[22m[39m
[90m [2mΓ¥»[22m node_modules/@testing-library/dom/di
st/query-helpers.js:[2m95:19[22m[39m
[36m [2mΓ¥»[22m src/components/AnalysisResults.test.
tsx:[2m238:21[22m[39m
    [90m236| [39m      [35mawait[39m 
user[33m.[39m[34mclick[39m(filterBtn)[33m;[39m
    [90m237| [39m
    [90m238| [39m      [34mexpect[39m(screen[33m.
[39m[34mgetByText[39m([32m'Strengths'[39m))[33m.[
39m[34mtoBeInTheDocument[39m()[33m;[39m
    [90m   | [39m                    [31m^[39m
    [90m239| [39m      
expect(screen.queryByText('Suggestions for 
Improvement')).not.toΓÇª
    [90m240| [39m    })[33m;[39m

[31m[2mΓÄ»ΓÄ»ΓÄ»ΓÄ»ΓÄ»ΓÄ»ΓÄ»ΓÄ»ΓÄ»ΓÄ»ΓÄ»ΓÄ»ΓÄ»ΓÄ»ΓÄ»Γ
Ä»ΓÄ»ΓÄ»ΓÄ»ΓÄ»ΓÄ»ΓÄ»ΓÄ»ΓÄ»[2/4]ΓÄ»[22m[39m

[41m[1m FAIL [22m[49m 
src/components/AnalysisResults.test.tsx[2m > 
[22mAnalysisResults[2m > [22mCategory filtering[2m 
> [22mshould filter to show only redundant items
[31m[1mError[22m: [2mexpect([22m[31melement[31m
[2m).not.toBeInTheDocument()[22m

[31mexpected document not to contain element, found 
<button
  aria-label="Filter by Strengths - 2 items"
  aria-pressed="false"
  class="
                px-3 sm:px-4 py-1.5 sm:py-2 rounded-lg 
text-xs sm:text-sm font-medium transition-all 
duration-300
                touch-manipulation min-h-[44px] 
sm:min-h-0 border
                focus:outline-none 
focus-visible:ring-2 focus-visible:ring-primary 
focus-visible:ring-offset-2 
focus-visible:ring-offset-background
                bg-card text-foreground border-border 
hover:bg-muted/50
              "
  whilehover="[object Object]"
  whiletap="[object Object]"
>
  Strengths
  <span
    aria-hidden="true"
    class="ml-1 sm:ml-2 text-xs opacity-70"
  >
    (
    2
    )
  </span>
</button> instead[31m[39m
[36m [2mΓ¥»[22m src/components/AnalysisResults.test.
tsx:[2m258:51[22m[39m
    [90m256| [39m
    [90m257| [39m      
expect(screen.getByText('Redundant 
Content')).toBeInTheDocument(ΓÇª
    [90m258| [39m      [34mexpect[39m(screen[33m.
[39m[34mqueryByText[39m([32m'Strengths'[39m))[33m.
[39mnot[33m.[39m[34mtoBeInTheDocument[39m()[33m;
[39m
    [90m   | [39m                                    
              [31m^[39m
    [90m259| [39m    })[33m;[39m
    [90m260| [39m

[31m[2mΓÄ»ΓÄ»ΓÄ»ΓÄ»ΓÄ»ΓÄ»ΓÄ»ΓÄ»ΓÄ»ΓÄ»ΓÄ»ΓÄ»ΓÄ»ΓÄ»ΓÄ»Γ
Ä»ΓÄ»ΓÄ»ΓÄ»ΓÄ»ΓÄ»ΓÄ»ΓÄ»ΓÄ»[3/4]ΓÄ»[22m[39m

[41m[1m FAIL [22m[49m 
src/components/AnalysisResults.test.tsx[2m > 
[22mAnalysisResults[2m > [22mCategory filtering[2m 
> [22mshould filter to show only formatting
[31m[1mError[22m: [2mexpect([22m[31melement[31m
[2m).not.toBeInTheDocument()[22m

[31mexpected document not to contain element, found 
<button
  aria-label="Filter by Strengths - 2 items"
  aria-pressed="false"
  class="
                px-3 sm:px-4 py-1.5 sm:py-2 rounded-lg 
text-xs sm:text-sm font-medium transition-all 
duration-300
                touch-manipulation min-h-[44px] 
sm:min-h-0 border
                focus:outline-none 
focus-visible:ring-2 focus-visible:ring-primary 
focus-visible:ring-offset-2 
focus-visible:ring-offset-background
                bg-card text-foreground border-border 
hover:bg-muted/50
              "
  whilehover="[object Object]"
  whiletap="[object Object]"
>
  Strengths
  <span
    aria-hidden="true"
    class="ml-1 sm:ml-2 text-xs opacity-70"
  >
    (
    2
    )
[2m   Start at [22m 18:09:12
[2m   Duration [22m 1.84s[2m (transform 161ms, setup 171ms, collect 264ms, tests 387ms, environment 607ms, prepare 11ms)[22m

  </span>
</button> instead[31m[39m
[36m [2mΓ¥»[22m src/components/AnalysisResults.test.
tsx:[2m276:51[22m[39m
    [90m274| [39m
    [90m275| [39m      
expect(screen.getByText('Formatting 
Feedback')).toBeInTheDocumenΓÇª
    [90m276| [39m      [34mexpect[39m(screen[33m.
[39m[34mqueryByText[39m([32m'Strengths'[39m))[33m.
[39mnot[33m.[39m[34mtoBeInTheDocument[39m()[33m;
[39m
    [90m   | [39m                                    
              [31m^[39m
    [90m277| [39m    })[33m;[39m
    [90m278| [39m  })[33m;[39m

[31m[2mΓÄ»ΓÄ»ΓÄ»ΓÄ»ΓÄ»ΓÄ»ΓÄ»ΓÄ»ΓÄ»ΓÄ»ΓÄ»ΓÄ»ΓÄ»ΓÄ»ΓÄ»Γ
Ä»ΓÄ»ΓÄ»ΓÄ»ΓÄ»ΓÄ»ΓÄ»ΓÄ»ΓÄ»[4/4]ΓÄ»[22m[39m

